[root@localhost ~]# lsblk
NAME            MAJ:MIN RM  SIZE RO TYPE MOUNTPOINT
sda               8:0    0   20G  0 disk
├─sda1            8:1    0    1G  0 part /boot
└─sda2            8:2    0   19G  0 part
  ├─centos-root 253:0    0   17G  0 lvm  /
  └─centos-swap 253:1    0    2G  0 lvm  [SWAP]
sdb               8:16   0   20G  0 disk
sdc               8:32   0   20G  0 disk
sr0              11:0    1  973M  0 rom
[root@localhost ~]# pvcreate /dev/sdb /dev/sdc
  Physical volume "/dev/sdb" successfully created.
  Physical volume "/dev/sdc" successfully created.
[root@localhost ~]# pvdisplay
  --- Physical volume ---
  PV Name               /dev/sda2
  VG Name               centos
  PV Size               <19.00 GiB / not usable 3.00 MiB
  Allocatable           yes (but full)
  PE Size               4.00 MiB
  Total PE              4863
  Free PE               0
  Allocated PE          4863
  PV UUID               tE23TB-FBVR-FRUb-0hLP-hF7k-IPsp-dpyXwJ

  "/dev/sdc" is a new physical volume of "20.00 GiB"
  --- NEW Physical volume ---
  PV Name               /dev/sdc
  VG Name
  PV Size               20.00 GiB
  Allocatable           NO
  PE Size               0
  Total PE              0
  Free PE               0
  Allocated PE          0
  PV UUID               iNk2En-9kK5-jyoo-3CvK-z6TN-5Jzx-MAFEP1

  "/dev/sdb" is a new physical volume of "20.00 GiB"
  --- NEW Physical volume ---
  PV Name               /dev/sdb
  VG Name
  PV Size               20.00 GiB
  Allocatable           NO
  PE Size               0
  Total PE              0
  Free PE               0
  Allocated PE          0
  PV UUID               Kf0pSG-bWTi-o3L2-RLzx-LvTI-eD0d-c7t2UU

[root@localhost ~]# vgcreate HPCSA /dev/sdb /dev/sdc
  Volume group "HPCSA" successfully created
[root@localhost ~]# vgdisplay
  --- Volume group ---
  VG Name               centos
  System ID
  Format                lvm2
  Metadata Areas        1
  Metadata Sequence No  3
  VG Access             read/write
  VG Status             resizable
  MAX LV                0
  Cur LV                2
  Open LV               2
  Max PV                0
  Cur PV                1
  Act PV                1
  VG Size               <19.00 GiB
  PE Size               4.00 MiB
  Total PE              4863
  Alloc PE / Size       4863 / <19.00 GiB
  Free  PE / Size       0 / 0
  VG UUID               l9ikUh-QLUp-8ljK-fCed-87tG-2H3a-9ABodM

  --- Volume group ---
  VG Name               HPCSA
  System ID
  Format                lvm2
  Metadata Areas        2
  Metadata Sequence No  1
  VG Access             read/write
  VG Status             resizable
  MAX LV                0
  Cur LV                0
  Open LV               0
  Max PV                0
  Cur PV                2
  Act PV                2
  VG Size               39.99 GiB
  PE Size               4.00 MiB
  Total PE              10238
  Alloc PE / Size       0 / 0
  Free  PE / Size       10238 / 39.99 GiB
  VG UUID               tlwxLf-hr8l-h0Dm-kz9R-nSMw-mB97-dnXivb

[root@localhost ~]# lvcreate -n demo_lab --size 1G DEMO
  Volume group "DEMO" not found
  Cannot process volume group DEMO
[root@localhost ~]# lvcreate -n demo_lab --size 1G  HPCSA
  Logical volume "demo_lab" created.
[root@localhost ~]# lvdisplay
  --- Logical volume ---
  LV Path                /dev/centos/swap
  LV Name                swap
  VG Name                centos
  LV UUID                eFS7lT-MRee-HJM8-jBVO-g9Ey-5pEY-jxTnrj
  LV Write Access        read/write
  LV Creation host, time localhost, 2022-11-27 00:26:15 +0530
  LV Status              available
  # open                 2
  LV Size                2.00 GiB
  Current LE             512
  Segments               1
  Allocation             inherit
  Read ahead sectors     auto
  - currently set to     8192
  Block device           253:1

  --- Logical volume ---
  LV Path                /dev/centos/root
  LV Name                root
  VG Name                centos
  LV UUID                yvgaUc-QjVw-K2Jb-XXe8-UUAC-mtmy-uQpKTj
  LV Write Access        read/write
  LV Creation host, time localhost, 2022-11-27 00:26:16 +0530
  LV Status              available
  # open                 1
  LV Size                <17.00 GiB
  Current LE             4351
  Segments               1
  Allocation             inherit
  Read ahead sectors     auto
  - currently set to     8192
  Block device           253:0

  --- Logical volume ---
  LV Path                /dev/HPCSA/demo_lab
  LV Name                demo_lab
  VG Name                HPCSA
  LV UUID                wWUFR0-mnfG-AtRk-2j3Y-JNht-TqTD-RbjOpu
  LV Write Access        read/write
  LV Creation host, time localhost.localdomain, 2023-07-30 19:01:42 +0530
  LV Status              available
  # open                 0
  LV Size                1.00 GiB
  Current LE             256
  Segments               1
  Allocation             inherit
  Read ahead sectors     auto
  - currently set to     8192
  Block device           253:2

[root@localhost ~]# fdisk /dev/mapper/DEMO-demo_lab
fdisk: cannot open /dev/mapper/DEMO-demo_lab: No such file or directory
[root@localhost ~]# fdisk /dev/mapper/HPCSA-demo_lab
Welcome to fdisk (util-linux 2.23.2).

Changes will remain in memory only, until you decide to write them.
Be careful before using the write command.

Device does not contain a recognized partition table
Building a new DOS disklabel with disk identifier 0x519fb9dc.

Command (m for help): n
Partition type:
   p   primary (0 primary, 0 extended, 4 free)
   e   extended
Select (default p): p
Partition number (1-4, default 1): 1
First sector (2048-2097151, default 2048):
Using default value 2048
Last sector, +sectors or +size{K,M,G} (2048-2097151, default 2097151):
Using default value 2097151
Partition 1 of type Linux and of size 1023 MiB is set

Command (m for help): w
The partition table has been altered!

Calling ioctl() to re-read partition table.

WARNING: Re-reading the partition table failed with error 22: Invalid argument.
The kernel still uses the old table. The new table will be used at
the next reboot or after you run partprobe(8) or kpartx(8)
Syncing disks.
[root@localhost ~]# partprobe /dev/HPCSA/hpcsa_lab
Error: Could not stat device /dev/HPCSA/hpcsa_lab - No such file or directory.
[root@localhost ~]# partprobe /dev/HPCSA/demo_lab
[root@localhost ~]# lsblk
NAME                MAJ:MIN RM  SIZE RO TYPE MOUNTPOINT
sda                   8:0    0   20G  0 disk
├─sda1                8:1    0    1G  0 part /boot
└─sda2                8:2    0   19G  0 part
  ├─centos-root     253:0    0   17G  0 lvm  /
  └─centos-swap     253:1    0    2G  0 lvm  [SWAP]
sdb                   8:16   0   20G  0 disk
└─HPCSA-demo_lab    253:2    0    1G  0 lvm
  └─HPCSA-demo_lab1 253:3    0 1023M  0 part
sdc                   8:32   0   20G  0 disk
sr0                  11:0    1  973M  0 rom
[root@localhost ~]# mkfs.ext4 /dev/mapper/HPCSA-demo_lab
mke2fs 1.42.9 (28-Dec-2013)
/dev/mapper/HPCSA-demo_lab is apparently in use by the system; will not make a filesystem here!
[root@localhost ~]# mkfs.ext4 /dev/mapper/HPCSA-demo_lab
mke2fs 1.42.9 (28-Dec-2013)
/dev/mapper/HPCSA-demo_lab is apparently in use by the system; will not make a filesystem here!
[root@localhost ~]# mkdir our-demo
[root@localhost ~]# mount /dev/mapper/HPCSA-demo_lab our-demo
mount: /dev/mapper/HPCSA-demo_lab is already mounted or /root/our-demo busy
[root@localhost ~]# lsblk
NAME                MAJ:MIN RM  SIZE RO TYPE MOUNTPOINT
sda                   8:0    0   20G  0 disk
├─sda1                8:1    0    1G  0 part /boot
└─sda2                8:2    0   19G  0 part
  ├─centos-root     253:0    0   17G  0 lvm  /
  └─centos-swap     253:1    0    2G  0 lvm  [SWAP]
sdb                   8:16   0   20G  0 disk
└─HPCSA-demo_lab    253:2    0    1G  0 lvm
  └─HPCSA-demo_lab1 253:3    0 1023M  0 part
sdc                   8:32   0   20G  0 disk
sr0                  11:0    1  973M  0 rom
[root@localhost ~]# lvextend -L +2G /dev/mapper/HPCSA-demo_lab
  Size of logical volume HPCSA/demo_lab changed from 1.00 GiB (256 extents) to 3.00 GiB (768 extents).
  Logical volume HPCSA/demo_lab successfully resized.
[root@localhost ~]# lsblk
NAME                MAJ:MIN RM  SIZE RO TYPE MOUNTPOINT
sda                   8:0    0   20G  0 disk
├─sda1                8:1    0    1G  0 part /boot
└─sda2                8:2    0   19G  0 part
  ├─centos-root     253:0    0   17G  0 lvm  /
  └─centos-swap     253:1    0    2G  0 lvm  [SWAP]
sdb                   8:16   0   20G  0 disk
└─HPCSA-demo_lab    253:2    0    3G  0 lvm
  └─HPCSA-demo_lab1 253:3    0 1023M  0 part
sdc                   8:32   0   20G  0 disk
sr0                  11:0    1  973M  0 rom
[root@localhost ~]# resize2fs /dev/mapper/DEMO-demo_lab
resize2fs 1.42.9 (28-Dec-2013)
open: No such file or directory while opening /dev/mapper/DEMO-demo_lab
[root@localhost ~]# resize2fs /dev/mapper/HPCSA-demo_lab
resize2fs 1.42.9 (28-Dec-2013)
resize2fs: Device or resource busy while trying to open /dev/mapper/HPCSA-demo_lab
Couldn't find valid filesystem superblock.
[root@localhost ~]# lsblk
NAME                MAJ:MIN RM  SIZE RO TYPE MOUNTPOINT
sda                   8:0    0   20G  0 disk
├─sda1                8:1    0    1G  0 part /boot
└─sda2                8:2    0   19G  0 part
  ├─centos-root     253:0    0   17G  0 lvm  /
  └─centos-swap     253:1    0    2G  0 lvm  [SWAP]
sdb                   8:16   0   20G  0 disk
└─HPCSA-demo_lab    253:2    0    3G  0 lvm
  └─HPCSA-demo_lab1 253:3    0 1023M  0 part
sdc                   8:32   0   20G  0 disk
sr0                  11:0    1  973M  0 rom
[root@localhost ~]# lvcreate -L 1GB -s -n demo_lab_snap /dev/mapper/DEMO-demo_lab
  Volume group "DEMO" not found
  Cannot process volume group DEMO
[root@localhost ~]# lvcreate -L 1GB -s -n demo_lab_snap /dev/mapper/HPCSA-demo_lab
  Logical volume "demo_lab_snap" created.
[root@localhost ~]# lsblk
NAME                      MAJ:MIN RM  SIZE RO TYPE MOUNTPOINT
sda                         8:0    0   20G  0 disk
├─sda1                      8:1    0    1G  0 part /boot
└─sda2                      8:2    0   19G  0 part
  ├─centos-root           253:0    0   17G  0 lvm  /
  └─centos-swap           253:1    0    2G  0 lvm  [SWAP]
sdb                         8:16   0   20G  0 disk
├─HPCSA-demo_lab-real     253:4    0    3G  0 lvm
│ ├─HPCSA-demo_lab        253:2    0    3G  0 lvm
│ │ └─HPCSA-demo_lab1     253:3    0 1023M  0 part
│ └─HPCSA-demo_lab_snap   253:6    0    3G  0 lvm
└─HPCSA-demo_lab_snap-cow 253:5    0    1G  0 lvm
  └─HPCSA-demo_lab_snap   253:6    0    3G  0 lvm
sdc                         8:32   0   20G  0 disk
sr0                        11:0    1  973M  0 rom
[root@localhost ~]# lvconvert --merge /dev/mapper/HPCSA-demo_lab_snap
  Delaying merge since origin is open.
  Merging of snapshot HPCSA/demo_lab_snap will occur on next activation of HPCSA/demo_lab.
[root@localhost ~]# lsblk
NAME                      MAJ:MIN RM  SIZE RO TYPE MOUNTPOINT
sda                         8:0    0   20G  0 disk
├─sda1                      8:1    0    1G  0 part /boot
└─sda2                      8:2    0   19G  0 part
  ├─centos-root           253:0    0   17G  0 lvm  /
  └─centos-swap           253:1    0    2G  0 lvm  [SWAP]
sdb                         8:16   0   20G  0 disk
├─HPCSA-demo_lab-real     253:4    0    3G  0 lvm
│ ├─HPCSA-demo_lab        253:2    0    3G  0 lvm
│ │ └─HPCSA-demo_lab1     253:3    0 1023M  0 part
│ └─HPCSA-demo_lab_snap   253:6    0    3G  0 lvm
└─HPCSA-demo_lab_snap-cow 253:5    0    1G  0 lvm
  └─HPCSA-demo_lab_snap   253:6    0    3G  0 lvm
sdc                         8:32   0   20G  0 disk
sr0                        11:0    1  973M  0 rom
[root@localhost ~]# lvcreate -L 2GB -m1 -n testmirror DEMO
  Volume group "DEMO" not found
  Cannot process volume group DEMO
[root@localhost ~]# lvcreate -L 2GB -m1 -n testmirror HPCSA
  Logical volume "testmirror" created.
[root@localhost ~]# lsblk
NAME                        MAJ:MIN RM  SIZE RO TYPE MOUNTPOINT
sda                           8:0    0   20G  0 disk
├─sda1                        8:1    0    1G  0 part /boot
└─sda2                        8:2    0   19G  0 part
  ├─centos-root             253:0    0   17G  0 lvm  /
  └─centos-swap             253:1    0    2G  0 lvm  [SWAP]
sdb                           8:16   0   20G  0 disk
├─HPCSA-demo_lab-real       253:4    0    3G  0 lvm
│ ├─HPCSA-demo_lab          253:2    0    3G  0 lvm
│ │ └─HPCSA-demo_lab1       253:3    0 1023M  0 part
│ └─HPCSA-demo_lab_snap     253:6    0    3G  0 lvm
├─HPCSA-demo_lab_snap-cow   253:5    0    1G  0 lvm
│ └─HPCSA-demo_lab_snap     253:6    0    3G  0 lvm
├─HPCSA-testmirror_rmeta_0  253:7    0    4M  0 lvm
│ └─HPCSA-testmirror        253:11   0    2G  0 lvm
└─HPCSA-testmirror_rimage_0 253:8    0    2G  0 lvm
  └─HPCSA-testmirror        253:11   0    2G  0 lvm
sdc                           8:32   0   20G  0 disk
├─HPCSA-testmirror_rmeta_1  253:9    0    4M  0 lvm
│ └─HPCSA-testmirror        253:11   0    2G  0 lvm
└─HPCSA-testmirror_rimage_1 253:10   0    2G  0 lvm
  └─HPCSA-testmirror        253:11   0    2G  0 lvm
sr0                          11:0    1  973M  0 rom
[root@localhost ~]# lvremove /dev/mapper/HPCSA-demo_lab
Do you really want to remove active origin logical volume HPCSA/demo_lab with 1 snapshot(s)? [y/n]: y
  Logical volume HPCSA/demo_lab is used by another device.
  Logical volume HPCSA/demo_lab not removed.
[root@localhost ~]# lsblk
NAME                        MAJ:MIN RM  SIZE RO TYPE MOUNTPOINT
sda                           8:0    0   20G  0 disk
├─sda1                        8:1    0    1G  0 part /boot
└─sda2                        8:2    0   19G  0 part
  ├─centos-root             253:0    0   17G  0 lvm  /
  └─centos-swap             253:1    0    2G  0 lvm  [SWAP]
sdb                           8:16   0   20G  0 disk
├─HPCSA-demo_lab-real       253:4    0    3G  0 lvm
│ ├─HPCSA-demo_lab          253:2    0    3G  0 lvm
│ │ └─HPCSA-demo_lab1       253:3    0 1023M  0 part
│ └─HPCSA-demo_lab_snap     253:6    0    3G  0 lvm
├─HPCSA-demo_lab_snap-cow   253:5    0    1G  0 lvm
│ └─HPCSA-demo_lab_snap     253:6    0    3G  0 lvm
├─HPCSA-testmirror_rmeta_0  253:7    0    4M  0 lvm
│ └─HPCSA-testmirror        253:11   0    2G  0 lvm
└─HPCSA-testmirror_rimage_0 253:8    0    2G  0 lvm
  └─HPCSA-testmirror        253:11   0    2G  0 lvm
sdc                           8:32   0   20G  0 disk
├─HPCSA-testmirror_rmeta_1  253:9    0    4M  0 lvm
│ └─HPCSA-testmirror        253:11   0    2G  0 lvm
└─HPCSA-testmirror_rimage_1 253:10   0    2G  0 lvm
  └─HPCSA-testmirror        253:11   0    2G  0 lvm
sr0                          11:0    1  973M  0 rom
[root@localhost ~]# lvremove /dev/mapper/HPCSA
Do you really want to remove active origin logical volume HPCSA/demo_lab with 1 snapshot(s)? [y/n]: y
  Logical volume HPCSA/demo_lab is used by another device.
  Logical volume HPCSA/demo_lab not removed.
Do you really want to remove active logical volume HPCSA/testmirror? [y/n]: y
  Logical volume "testmirror" successfully removed
[root@localhost ~]#
